2026-08-09 19:16:48,366 - INFO - Starting FortiGate address group automation workflow
2026-08-09 19:16:48,366 - INFO - Input CSV file: group_objects.csv
2026-08-09 19:16:48,367 - INFO - Report file: automation_AddGroup_report_fortigate.csv
2026-08-09 19:16:48,367 - INFO - ------------------------------------------------------------
2026-08-09 19:16:48,432 - INFO - FortiGate address objects loaded successfully
2026-08-09 19:16:48,432 - INFO - Existing FortiGate objects loaded: 30
2026-08-09 19:16:48,433 - INFO - ------------------------------------------------------------
2026-08-09 19:16:48,446 - INFO - FGT Address Group loaded successfully
2026-08-09 19:16:48,447 - INFO - Existing FortiGate objects loaded: 30
2026-08-09 19:16:48,447 - INFO - ------------------------------------------------------------
2026-08-09 19:16:48,449 - INFO - CSV headers are valid
2026-08-09 19:16:48,449 - INFO - ------------------------------------------------------------
2026-08-09 19:16:48,450 - INFO - Line 2: ADDED- APP01 to GRP-APP-SERVER
2026-08-09 19:16:48,450 - INFO - Line 3: ADDED- APP02 to GRP-APP-SERVER
2026-08-09 19:16:48,450 - INFO - Line 4: ADDED- DB01 to GRP-APP-SERVER
2026-08-09 19:16:48,451 - INFO - Line 5: ADDED- WEB01 to GRP-WEB-SERVER
2026-08-09 19:16:48,452 - INFO - Line 6: ADDED- WEB02 to GRP-WEB-SERVER
2026-08-09 19:16:48,452 - INFO - Line 7: ADDED- BACKUP01 to GRP-BACKUP-SERVER
2026-08-09 19:16:48,453 - INFO - Line 8: ADDED- BACKUP02 to GRP-BACKUP-SERVER
2026-08-09 19:16:48,453 - INFO - Groups prepated from CSV: 3
2026-08-09 19:16:48,453 - INFO - ------------------------------------------------------------
