2026-08-09 15:06:32,320 - INFO - Starting Palo Alto integrated automation workflow
2026-08-09 15:06:32,320 - INFO - Input CSV file: objects.csv
2026-08-09 15:06:32,321 - INFO - Report file: automation_report_paloalto.csv
2026-08-09 15:06:32,321 - INFO - ------------------------------------------------------------
2026-08-09 15:06:32,791 - INFO - Palo Alto address objects loaded successfully
2026-08-09 15:06:32,791 - INFO - Existing Palo Alto objects loaded: 7
2026-08-09 15:06:32,792 - INFO - ------------------------------------------------------------
2026-08-09 15:06:32,794 - INFO - CSV headers are valid
2026-08-09 15:06:32,813 - INFO - ------------------------------------------------------------
2026-08-09 15:06:32,823 - WARNING - Line 2: SKIPPED - LAN_Dev already exists
2026-08-09 15:06:32,825 - WARNING - Line 3: SKIPPED - LAN_QA already exists
2026-08-09 15:06:32,940 - WARNING - Line 4: SKIPPED - LAN_SRV already exists
2026-08-09 15:06:32,941 - WARNING - Line 5: INVALID - object_name is missing
2026-08-09 15:06:32,941 - WARNING - Line 6: INVALID - ip_netmask format is invalid
2026-08-09 15:06:32,942 - WARNING - Line 7: SKIPPED - LAB_LAN already exists
2026-08-09 15:06:32,942 - WARNING - Line 8: SKIPPED - LAB_LAN2 already exists
2026-08-09 15:06:32,942 - WARNING - Line 9: SKIPPED - LAB_LAN3 already exists
2026-08-09 15:06:32,943 - WARNING - Line 10: SKIPPED - LAB_LAN4 already exists
2026-08-09 15:06:33,551 - INFO - Line 11: CREATED - PA-APP01
2026-08-09 15:06:33,565 - INFO - Verification SUCCESS - PA-APP01 -> 10.10.10.10/32
2026-08-09 15:06:33,566 - INFO - ------------------------------------------------------------
2026-08-09 15:06:34,100 - INFO - Line 12: CREATED - PA-APP02
2026-08-09 15:06:34,100 - INFO - Verification SUCCESS - PA-APP02 -> 10.10.20.10/32
2026-08-09 15:06:34,100 - INFO - ------------------------------------------------------------
2026-08-09 15:06:34,626 - INFO - Line 13: CREATED - PA-DB01
2026-08-09 15:06:34,627 - INFO - Verification SUCCESS - PA-DB01 -> 10.10.30.10/32
2026-08-09 15:06:34,628 - INFO - ------------------------------------------------------------
2026-08-09 15:06:34,628 - WARNING - Line 14: INVALID - ip_netmask format is invalid
2026-08-09 15:06:35,397 - INFO - Line 15: CREATED - PA-WEB02
2026-08-09 15:06:35,397 - INFO - Verification SUCCESS - PA-WEB02 -> 10.10.40.0/24
2026-08-09 15:06:35,397 - INFO - ------------------------------------------------------------
2026-08-09 15:06:35,800 - INFO - Line 16: CREATED - PA-BACKUP01
2026-08-09 15:06:35,800 - INFO - Verification SUCCESS - PA-BACKUP01 -> 10.10.50.10/32
2026-08-09 15:06:35,801 - INFO - ------------------------------------------------------------
2026-08-09 15:06:36,173 - INFO - Line 17: CREATED - PA-BACKUP02
2026-08-09 15:06:36,173 - INFO - Verification SUCCESS - PA-BACKUP02 -> 10.10.60.10/32
2026-08-09 15:06:36,174 - INFO - ------------------------------------------------------------
2026-08-09 15:06:36,547 - INFO - Line 18: CREATED - APP01
2026-08-09 15:06:36,547 - INFO - Verification SUCCESS - APP01 -> 20.10.10.10/32
2026-08-09 15:06:36,548 - INFO - ------------------------------------------------------------
2026-08-09 15:06:36,958 - INFO - Line 19: CREATED - APP02
2026-08-09 15:06:36,958 - INFO - Verification SUCCESS - APP02 -> 20.10.20.10/32
2026-08-09 15:06:36,959 - INFO - ------------------------------------------------------------
2026-08-09 15:06:37,405 - INFO - Line 20: CREATED - DB01
2026-08-09 15:06:37,405 - INFO - Verification SUCCESS - DB01 -> 20.10.30.10/32
2026-08-09 15:06:37,405 - INFO - ------------------------------------------------------------
2026-08-09 15:06:37,406 - WARNING - Line 21: INVALID - ip_netmask format is invalid
2026-08-09 15:06:37,899 - INFO - Line 22: CREATED - WEB02
2026-08-09 15:06:37,899 - INFO - Verification SUCCESS - WEB02 -> 20.10.40.0/24
2026-08-09 15:06:37,899 - INFO - ------------------------------------------------------------
2026-08-09 15:06:38,360 - INFO - Line 23: CREATED - BACKUP01
2026-08-09 15:06:38,361 - INFO - Verification SUCCESS - BACKUP01 -> 20.10.50.10/32
2026-08-09 15:06:38,361 - INFO - ------------------------------------------------------------
2026-08-09 15:06:38,783 - INFO - Line 24: CREATED - BACKUP02
2026-08-09 15:06:38,783 - INFO - Verification SUCCESS - BACKUP02 -> 20.10.60.10/32
2026-08-09 15:06:38,784 - INFO - ------------------------------------------------------------
2026-08-09 15:06:38,785 - INFO - Report created: automation_report_paloalto.csv
2026-08-09 15:06:38,786 - INFO - 
2026-08-09 15:06:38,786 - INFO - Final Palo Alto Summary
2026-08-09 15:06:38,786 - INFO - ------------------------------------------------------------
2026-08-09 15:06:38,786 - INFO - Created: 12
2026-08-09 15:06:38,787 - INFO - Skipped: 7
2026-08-09 15:06:38,787 - INFO - Invalid rows: 4
2026-08-09 15:06:38,787 - INFO - Failed: 0
2026-08-09 15:06:38,787 - INFO - Log file: automation_paloalto.log
2026-08-09 15:06:38,787 - INFO - Report file: automation_report_paloalto.csv
2026-08-09 15:06:38,787 - INFO - ------------------------------------------------------------
2026-08-09 15:06:38,788 - INFO - Palo Alto integrated automation workflow completed
