2026-08-08 16:18:01,110, INFO, CSV logging workflow started
2026-08-08 16:18:27,111, INFO, CSV logging workflow started
2026-08-08 16:18:27,112, INFO, Line 2: VALID - LAN_Dev
2026-08-08 16:18:27,113, INFO, Line 3: VALID - LAN_QA
2026-08-08 16:18:27,113, INFO, Line 4: VALID - LAN_SRV
2026-08-08 16:18:27,113, WARNING, Line 5: INVALID - object_name is missing
2026-08-08 16:18:27,114, WARNING, Line 6: INVALID - ip_netmask format is invalid
2026-08-08 16:18:27,114, INFO, Line 7: VALID - LAB_LAN
2026-08-08 16:18:27,115, INFO, Line 8: VALID - LAB_LAN2
2026-08-08 16:18:27,115, INFO, Line 9: VALID - LAB_LAN3
2026-08-08 16:18:27,115, INFO, Line 10: VALID - LAB_LAN4
2026-08-08 16:19:09,113, INFO, CSV logging workflow started
2026-08-08 16:19:09,115, CRITICAL, CSV file not found: objectss.csv. Cannot Continue.
2026-08-08 16:24:41,708, CRITICAL, CSV file not found: objectss.csv. Cannot Continue.
2026-08-08 16:26:34,494, INFO, CSV logging workflow started
2026-08-08 16:26:34,495, CRITICAL, CSV file not found: objectss.csv. Cannot Continue.
2026-08-08 16:27:09,398, INFO, CSV logging workflow started
2026-08-08 16:27:09,400, CRITICAL, CSV file not found: objectss.csv. Cannot Continue.
2026-08-08 17:05:03,885, INFO, CSV logging workflow started
2026-08-08 17:05:03,886, CRITICAL, CSV file not found: objectss.csv. Cannot Continue.
